---
source: crates/ownpg-core/src/groups.rs
expression: tools
---
[
  {
    "name": "pg_list_objects",
    "title": "List objects in the scoped schema",
    "description": "List objects in the scoped schema: tables, views, materialized views, sequences, functions, procedures, types, indexes, extensions, and the schemas of the database. Filter by object type and by a LIKE pattern on the name (% and _ are wildcards). The list is sorted by schema, then name, then OID, so repeated calls return the same order. At most 200 objects return per call; when more remain, truncated is true and cursor carries a token to pass back for the next page.",
    "inputSchema": {
      "$defs": {
        "DetailLevel": {
          "enum": [
            "names",
            "summary"
          ],
          "type": "string"
        },
        "ObjectType": {
          "enum": [
            "schema",
            "table",
            "view",
            "materialized_view",
            "sequence",
            "function",
            "procedure",
            "type",
            "index",
            "extension"
          ],
          "type": "string"
        }
      },
      "$schema": "https://json-schema.org/draft/2020-12/schema",
      "additionalProperties": false,
      "properties": {
        "cursor": {
          "default": "",
          "description": "Cursor from a previous truncated result. Leave empty for the first page.",
          "type": "string"
        },
        "detail_level": {
          "$ref": "#/$defs/DetailLevel",
          "default": "summary",
          "description": "names returns schema, name, and kind only; summary adds owner, comment, size, and row estimate."
        },
        "name_pattern": {
          "default": "%",
          "description": "LIKE pattern on the object name. Default: % (every name).",
          "type": "string"
        },
        "object_types": {
          "default": [],
          "description": "Object types to include. Empty means every type.",
          "items": {
            "$ref": "#/$defs/ObjectType"
          },
          "type": "array"
        }
      },
      "type": "object"
    },
    "outputSchema": {
      "$defs": {
        "ObjectRow": {
          "properties": {
            "comment": {
              "type": [
                "string",
                "null"
              ]
            },
            "detail": {
              "type": [
                "string",
                "null"
              ]
            },
            "estimated_rows": {
              "format": "int64",
              "type": [
                "integer",
                "null"
              ]
            },
            "kind": {
              "$ref": "#/$defs/ObjectType"
            },
            "name": {
              "type": "string"
            },
            "oid": {
              "format": "int64",
              "type": "integer"
            },
            "owner": {
              "type": [
                "string",
                "null"
              ]
            },
            "schema": {
              "type": "string"
            },
            "size_bytes": {
              "format": "int64",
              "type": [
                "integer",
                "null"
              ]
            }
          },
          "required": [
            "schema",
            "name",
            "kind",
            "oid"
          ],
          "type": "object"
        },
        "ObjectType": {
          "enum": [
            "schema",
            "table",
            "view",
            "materialized_view",
            "sequence",
            "function",
            "procedure",
            "type",
            "index",
            "extension"
          ],
          "type": "string"
        }
      },
      "$schema": "https://json-schema.org/draft/2020-12/schema",
      "properties": {
        "cursor": {
          "type": [
            "string",
            "null"
          ]
        },
        "estimate": {
          "format": "int64",
          "type": "integer"
        },
        "notice": {
          "type": "string"
        },
        "order": {
          "type": "string"
        },
        "row_count": {
          "format": "uint",
          "minimum": 0,
          "type": "integer"
        },
        "rows": {
          "items": {
            "$ref": "#/$defs/ObjectRow"
          },
          "type": "array"
        },
        "schema": {
          "type": "string"
        },
        "truncated": {
          "type": "boolean"
        }
      },
      "required": [
        "schema",
        "rows",
        "row_count",
        "truncated",
        "estimate",
        "order",
        "notice"
      ],
      "type": "object"
    },
    "annotations": {
      "title": "List objects in the scoped schema",
      "readOnlyHint": true,
      "destructiveHint": false,
      "idempotentHint": true,
      "openWorldHint": false
    }
  },
  {
    "name": "pg_describe",
    "title": "Describe one database object",
    "description": "Describe one object in detail. For a table, view, or materialized view: columns with types, defaults, identity and generated markers, constraints with validity, indexes with validity and size, triggers, row-level security policies, comments, size, and the estimated row count. Also describes sequences, functions and procedures (every overload), types (enum labels, composite attributes, domain constraints), extensions, roles, and the privileges granted on a relation. Names may be schema-qualified; unqualified names resolve in the scoped schema.",
    "inputSchema": {
      "$defs": {
        "DescribeKind": {
          "enum": [
            "auto",
            "relation",
            "routine",
            "type",
            "extension",
            "role",
            "privileges"
          ],
          "type": "string"
        }
      },
      "$schema": "https://json-schema.org/draft/2020-12/schema",
      "additionalProperties": false,
      "properties": {
        "name": {
          "description": "Object name, optionally schema-qualified (schema.name). Quote mixed-case names with double quotes.",
          "type": "string"
        },
        "object_type": {
          "$ref": "#/$defs/DescribeKind",
          "default": "auto",
          "description": "What the name refers to. auto tries a relation, then a routine, then a type, then an extension."
        }
      },
      "required": [
        "name"
      ],
      "type": "object"
    },
    "outputSchema": {
      "$defs": {
        "ColumnInfo": {
          "properties": {
            "comment": {
              "type": [
                "string",
                "null"
              ]
            },
            "data_type": {
              "type": "string"
            },
            "default": {
              "type": [
                "string",
                "null"
              ]
            },
            "generated": {
              "type": [
                "string",
                "null"
              ]
            },
            "identity": {
              "type": [
                "string",
                "null"
              ]
            },
            "name": {
              "type": "string"
            },
            "not_null": {
              "type": "boolean"
            }
          },
          "required": [
            "name",
            "data_type",
            "not_null"
          ],
          "type": "object"
        },
        "ConstraintInfo": {
          "properties": {
            "definition": {
              "type": "string"
            },
            "kind": {
              "type": "string"
            },
            "name": {
              "type": "string"
            },
            "validated": {
              "type": "boolean"
            }
          },
          "required": [
            "name",
            "kind",
            "definition",
            "validated"
          ],
          "type": "object"
        },
        "ExtensionDescription": {
          "properties": {
            "comment": {
              "type": [
                "string",
                "null"
              ]
            },
            "name": {
              "type": "string"
            },
            "relocatable": {
              "type": "boolean"
            },
            "schema": {
              "type": "string"
            },
            "version": {
              "type": "string"
            }
          },
          "required": [
            "name",
            "version",
            "schema",
            "relocatable"
          ],
          "type": "object"
        },
        "IndexInfo": {
          "properties": {
            "definition": {
              "type": "string"
            },
            "name": {
              "type": "string"
            },
            "primary": {
              "type": "boolean"
            },
            "size_bytes": {
              "format": "int64",
              "type": "integer"
            },
            "unique": {
              "type": "boolean"
            },
            "valid": {
              "type": "boolean"
            }
          },
          "required": [
            "name",
            "primary",
            "unique",
            "valid",
            "definition",
            "size_bytes"
          ],
          "type": "object"
        },
        "ObjectType": {
          "enum": [
            "schema",
            "table",
            "view",
            "materialized_view",
            "sequence",
            "function",
            "procedure",
            "type",
            "index",
            "extension"
          ],
          "type": "string"
        },
        "PartitionInfo": {
          "properties": {
            "bound": {
              "type": [
                "string",
                "null"
              ]
            },
            "name": {
              "type": "string"
            }
          },
          "required": [
            "name"
          ],
          "type": "object"
        },
        "PolicyInfo": {
          "properties": {
            "command": {
              "type": "string"
            },
            "name": {
              "type": "string"
            },
            "permissive": {
              "type": "boolean"
            },
            "roles": {
              "items": {
                "type": "string"
              },
              "type": "array"
            },
            "using": {
              "type": [
                "string",
                "null"
              ]
            },
            "with_check": {
              "type": [
                "string",
                "null"
              ]
            }
          },
          "required": [
            "name",
            "command",
            "permissive",
            "roles"
          ],
          "type": "object"
        },
        "PrivilegeRow": {
          "properties": {
            "grantable": {
              "type": "boolean"
            },
            "grantee": {
              "type": "string"
            },
            "grantor": {
              "type": "string"
            },
            "privilege": {
              "type": "string"
            }
          },
          "required": [
            "grantee",
            "privilege",
            "grantable",
            "grantor"
          ],
          "type": "object"
        },
        "RoleDescription": {
          "properties": {
            "bypass_rls": {
              "type": "boolean"
            },
            "can_login": {
              "type": "boolean"
            },
            "config": {
              "items": {
                "type": "string"
              },
              "type": "array"
            },
            "connection_limit": {
              "format": "int32",
              "type": "integer"
            },
            "create_db": {
              "type": "boolean"
            },
            "create_role": {
              "type": "boolean"
            },
            "inherit": {
              "type": "boolean"
            },
            "member_of": {
              "items": {
                "type": "string"
              },
              "type": "array"
            },
            "name": {
              "type": "string"
            },
            "replication": {
              "type": "boolean"
            },
            "superuser": {
              "type": "boolean"
            },
            "valid_until": {
              "type": [
                "string",
                "null"
              ]
            }
          },
          "required": [
            "name",
            "superuser",
            "inherit",
            "create_role",
            "create_db",
            "can_login",
            "replication",
            "bypass_rls",
            "connection_limit",
            "member_of",
            "config"
          ],
          "type": "object"
        },
        "RoutineDescription": {
          "properties": {
            "arguments": {
              "type": "string"
            },
            "comment": {
              "type": [
                "string",
                "null"
              ]
            },
            "config": {
              "items": {
                "type": "string"
              },
              "type": "array"
            },
            "definition": {
              "type": [
                "string",
                "null"
              ]
            },
            "kind": {
              "type": "string"
            },
            "language": {
              "type": "string"
            },
            "name": {
              "type": "string"
            },
            "returns": {
              "type": [
                "string",
                "null"
              ]
            },
            "schema": {
              "type": "string"
            },
            "security_definer": {
              "type": "boolean"
            },
            "signature": {
              "type": "string"
            }
          },
          "required": [
            "schema",
            "name",
            "signature",
            "kind",
            "language",
            "security_definer",
            "arguments",
            "config"
          ],
          "type": "object"
        },
        "SequenceDescription": {
          "properties": {
            "cache": {
              "format": "int64",
              "type": "integer"
            },
            "cycle": {
              "type": "boolean"
            },
            "data_type": {
              "type": "string"
            },
            "increment": {
              "format": "int64",
              "type": "integer"
            },
            "last_value": {
              "format": "int64",
              "type": [
                "integer",
                "null"
              ]
            },
            "maximum": {
              "format": "int64",
              "type": "integer"
            },
            "minimum": {
              "format": "int64",
              "type": "integer"
            },
            "name": {
              "type": "string"
            },
            "owned_by": {
              "type": [
                "string",
                "null"
              ]
            },
            "schema": {
              "type": "string"
            },
            "start": {
              "format": "int64",
              "type": "integer"
            }
          },
          "required": [
            "schema",
            "name",
            "data_type",
            "start",
            "minimum",
            "maximum",
            "increment",
            "cycle",
            "cache"
          ],
          "type": "object"
        },
        "TableDescription": {
          "properties": {
            "columns": {
              "items": {
                "$ref": "#/$defs/ColumnInfo"
              },
              "type": "array"
            },
            "comment": {
              "type": [
                "string",
                "null"
              ]
            },
            "constraints": {
              "items": {
                "$ref": "#/$defs/ConstraintInfo"
              },
              "type": "array"
            },
            "estimated_rows": {
              "format": "int64",
              "type": "integer"
            },
            "indexes": {
              "items": {
                "$ref": "#/$defs/IndexInfo"
              },
              "type": "array"
            },
            "kind": {
              "$ref": "#/$defs/ObjectType"
            },
            "name": {
              "type": "string"
            },
            "partition_key": {
              "type": [
                "string",
                "null"
              ]
            },
            "partitions": {
              "items": {
                "$ref": "#/$defs/PartitionInfo"
              },
              "type": "array"
            },
            "persistence": {
              "type": "string"
            },
            "policies": {
              "items": {
                "$ref": "#/$defs/PolicyInfo"
              },
              "type": "array"
            },
            "populated": {
              "type": [
                "boolean",
                "null"
              ]
            },
            "row_security": {
              "type": "boolean"
            },
            "schema": {
              "type": "string"
            },
            "table_size_bytes": {
              "format": "int64",
              "type": "integer"
            },
            "total_size_bytes": {
              "format": "int64",
              "type": "integer"
            },
            "triggers": {
              "items": {
                "$ref": "#/$defs/TriggerInfo"
              },
              "type": "array"
            },
            "view_definition": {
              "type": [
                "string",
                "null"
              ]
            }
          },
          "required": [
            "schema",
            "name",
            "kind",
            "persistence",
            "estimated_rows",
            "total_size_bytes",
            "table_size_bytes",
            "row_security",
            "columns",
            "constraints",
            "indexes",
            "triggers",
            "policies",
            "partitions"
          ],
          "type": "object"
        },
        "TriggerInfo": {
          "properties": {
            "definition": {
              "type": "string"
            },
            "enabled": {
              "type": "string"
            },
            "name": {
              "type": "string"
            }
          },
          "required": [
            "name",
            "definition",
            "enabled"
          ],
          "type": "object"
        },
        "TypeDescription": {
          "properties": {
            "attributes": {
              "items": {
                "$ref": "#/$defs/ColumnInfo"
              },
              "type": "array"
            },
            "base_type": {
              "type": [
                "string",
                "null"
              ]
            },
            "comment": {
              "type": [
                "string",
                "null"
              ]
            },
            "constraints": {
              "items": {
                "type": "string"
              },
              "type": "array"
            },
            "enum_labels": {
              "items": {
                "type": "string"
              },
              "type": "array"
            },
            "kind": {
              "type": "string"
            },
            "name": {
              "type": "string"
            },
            "range_subtype": {
              "type": [
                "string",
                "null"
              ]
            },
            "schema": {
              "type": "string"
            }
          },
          "required": [
            "schema",
            "name",
            "kind",
            "enum_labels",
            "attributes",
            "constraints"
          ],
          "type": "object"
        }
      },
      "$schema": "https://json-schema.org/draft/2020-12/schema",
      "properties": {
        "extension": {
          "anyOf": [
            {
              "$ref": "#/$defs/ExtensionDescription"
            },
            {
              "type": "null"
            }
          ]
        },
        "kind": {
          "type": "string"
        },
        "notice": {
          "type": "string"
        },
        "privileges": {
          "items": {
            "$ref": "#/$defs/PrivilegeRow"
          },
          "type": [
            "array",
            "null"
          ]
        },
        "relation": {
          "anyOf": [
            {
              "$ref": "#/$defs/TableDescription"
            },
            {
              "type": "null"
            }
          ]
        },
        "role": {
          "anyOf": [
            {
              "$ref": "#/$defs/RoleDescription"
            },
            {
              "type": "null"
            }
          ]
        },
        "routines": {
          "items": {
            "$ref": "#/$defs/RoutineDescription"
          },
          "type": [
            "array",
            "null"
          ]
        },
        "sequence": {
          "anyOf": [
            {
              "$ref": "#/$defs/SequenceDescription"
            },
            {
              "type": "null"
            }
          ]
        },
        "type": {
          "anyOf": [
            {
              "$ref": "#/$defs/TypeDescription"
            },
            {
              "type": "null"
            }
          ]
        }
      },
      "required": [
        "kind",
        "notice"
      ],
      "type": "object"
    },
    "annotations": {
      "title": "Describe one database object",
      "readOnlyHint": true,
      "destructiveHint": false,
      "idempotentHint": true,
      "openWorldHint": false
    }
  },
  {
    "name": "pg_health",
    "title": "Summarize server health",
    "description": "Summarize the health of the connected server and database: connection use against max_connections, the buffer cache hit ratio, the transaction ID age of the database against autovacuum_freeze_max_age, the longest running transaction, sessions idle in a transaction, invalid indexes in the scoped schema, and the database size. Each check carries a status of ok, warning, or critical with the measured value and a short explanation.",
    "inputSchema": {
      "$schema": "https://json-schema.org/draft/2020-12/schema",
      "additionalProperties": false,
      "type": "object"
    },
    "outputSchema": {
      "$defs": {
        "Check": {
          "properties": {
            "detail": {
              "type": "string"
            },
            "name": {
              "type": "string"
            },
            "status": {
              "$ref": "#/$defs/Status"
            },
            "value": {
              "type": "string"
            }
          },
          "required": [
            "name",
            "status",
            "value",
            "detail"
          ],
          "type": "object"
        },
        "Status": {
          "enum": [
            "ok",
            "warning",
            "critical"
          ],
          "type": "string"
        }
      },
      "$schema": "https://json-schema.org/draft/2020-12/schema",
      "properties": {
        "checks": {
          "items": {
            "$ref": "#/$defs/Check"
          },
          "type": "array"
        },
        "database": {
          "type": "string"
        },
        "notice": {
          "type": "string"
        },
        "server_version": {
          "type": "string"
        },
        "status": {
          "$ref": "#/$defs/Status"
        }
      },
      "required": [
        "database",
        "server_version",
        "status",
        "checks",
        "notice"
      ],
      "type": "object"
    },
    "annotations": {
      "title": "Summarize server health",
      "readOnlyHint": true,
      "destructiveHint": false,
      "idempotentHint": true,
      "openWorldHint": false
    }
  },
  {
    "name": "pg_doctor",
    "title": "Report the connection and its settings",
    "description": "Report how this server is connected and configured: the target and transport, TLS state, server version, connected role and its attributes, database, schema, access mode, loaded tool groups, effective limits, audit log path, open cursor handles, and the feature map for this server version. Secrets are never included.",
    "inputSchema": {
      "$schema": "https://json-schema.org/draft/2020-12/schema",
      "additionalProperties": false,
      "type": "object"
    },
    "outputSchema": {
      "$defs": {
        "AttemptLine": {
          "properties": {
            "outcome": {
              "type": "string"
            },
            "target": {
              "type": "string"
            },
            "user": {
              "type": "string"
            }
          },
          "required": [
            "target",
            "user",
            "outcome"
          ],
          "type": "object"
        },
        "SettingLine": {
          "properties": {
            "name": {
              "type": "string"
            },
            "origin": {
              "type": "string"
            },
            "value": {
              "type": "string"
            }
          },
          "required": [
            "name",
            "value",
            "origin"
          ],
          "type": "object"
        }
      },
      "$schema": "https://json-schema.org/draft/2020-12/schema",
      "properties": {
        "attempts": {
          "items": {
            "$ref": "#/$defs/AttemptLine"
          },
          "type": "array"
        },
        "audit_path": {
          "type": [
            "string",
            "null"
          ]
        },
        "database": {
          "type": "string"
        },
        "features": {
          "additionalProperties": {
            "type": "boolean"
          },
          "type": "object"
        },
        "loaded_groups": {
          "items": {
            "type": "string"
          },
          "type": "array"
        },
        "mode": {
          "type": "string"
        },
        "open_cursors": {
          "format": "uint",
          "minimum": 0,
          "type": "integer"
        },
        "pooled": {
          "type": "boolean"
        },
        "role": {
          "type": "string"
        },
        "role_attributes": {
          "items": {
            "type": "string"
          },
          "type": "array"
        },
        "role_warning": {
          "type": [
            "string",
            "null"
          ]
        },
        "schema": {
          "type": "string"
        },
        "search_path": {
          "type": "string"
        },
        "server_version": {
          "type": "string"
        },
        "settings": {
          "items": {
            "$ref": "#/$defs/SettingLine"
          },
          "type": "array"
        },
        "target": {
          "type": "string"
        },
        "tls": {
          "type": "string"
        },
        "tls_warning": {
          "type": [
            "string",
            "null"
          ]
        },
        "tools": {
          "items": {
            "type": "string"
          },
          "type": "array"
        },
        "version": {
          "type": "string"
        },
        "via": {
          "type": "string"
        }
      },
      "required": [
        "target",
        "via",
        "tls",
        "server_version",
        "role",
        "role_attributes",
        "database",
        "schema",
        "search_path",
        "pooled",
        "mode",
        "loaded_groups",
        "tools",
        "settings",
        "attempts",
        "open_cursors",
        "features",
        "version"
      ],
      "type": "object"
    },
    "annotations": {
      "title": "Report the connection and its settings",
      "readOnlyHint": true,
      "destructiveHint": false,
      "idempotentHint": true,
      "openWorldHint": false
    }
  }
]
